2026-04-22 13:39:05.746 INFO  com.hamradio.jhub.JHubMain — === j-Hub starting  [WM3j ARS Suite] ===
2026-04-22 13:39:05.800 INFO  com.hamradio.jhub.ConfigManager — Configuration loaded from /home/mike/ARS_Suite/j-map/j-hub.json
2026-04-22 13:39:05.801 INFO  com.hamradio.jhub.JHubMain — Config loaded — WS port 8080, web port 8081
2026-04-22 13:39:05.830 INFO  com.hamradio.jhub.SpotEnricher — DXCC prefix table loaded: 452 entries
2026-04-22 13:39:05.836 INFO  com.hamradio.jhub.JHubMain — WebSocket server listening on port 8080
2026-04-22 13:39:05.842 INFO  com.hamradio.jhub.JHubServer — JHubServer WebSocket listener started
2026-04-22 13:39:05.940 INFO  com.hamradio.jhub.WebConfigServer — Web config server started on port 8081
2026-04-22 13:39:05.940 INFO  com.hamradio.jhub.JHubMain — Web config UI at http://localhost:8081
2026-04-22 13:39:05.942 INFO  com.hamradio.jhub.JHubMain — Cluster autoConnect disabled — use Web Config UI to connect
2026-04-22 13:39:05.946 INFO  com.hamradio.jhub.JHubDiscovery — J-Hub discovery beacon started on UDP port 9999
2026-04-22 13:39:05.946 WARN  com.hamradio.jhub.JHubMain — No j-log command configured — logging engine not started
2026-04-22 13:39:05.947 INFO  com.hamradio.jhub.JHubMain — Rig backend is 'NONE' — Hamlib rig controller not started
2026-04-22 13:39:05.948 INFO  com.hamradio.jhub.JHubMain — Rotor backend is 'NONE' — Hamlib rotor controller not started
2026-04-22 13:39:06.113 INFO  com.hamradio.jhub.JHubMain — === j-Hub ready ===
2026-04-22 13:39:06.797 INFO  com.hamradio.jhub.JHubServer — New connection from /127.0.0.1:44962
2026-04-22 13:39:06.805 INFO  com.hamradio.jhub.JHubServer — App registered: j-map v1.0.0
2026-04-22 13:39:06.815 DEBUG com.hamradio.jhub.JHubServer — State replayed to 'j-map'
2026-04-22 13:39:08.891 DEBUG com.hamradio.jhub.WeatherService — Proton fetch: HTTP 404
2026-04-22 13:39:08.892 DEBUG com.hamradio.jhub.WeatherService — Weather data refreshed
2026-04-22 13:39:23.428 WARN  c.hamradio.jhub.ui.JHubStatusWindow — No command configured for 'j-log' — open Web Config UI to set it
2026-04-22 13:40:35.579 INFO  com.hamradio.jhub.JHubServer — New connection from /127.0.0.1:39692
2026-04-22 13:40:35.597 INFO  com.hamradio.jhub.JHubServer — App registered: logging-engine v1.0.0
2026-04-22 13:40:35.604 DEBUG com.hamradio.jhub.JHubServer — State replayed to 'logging-engine'
2026-04-22 13:40:37.032 INFO  com.hamradio.jhub.JHubServer — New connection from /127.0.0.1:39702
2026-04-22 13:40:37.036 INFO  com.hamradio.jhub.JHubServer — App registered: j-log v1.0.0
2026-04-22 13:40:37.044 DEBUG com.hamradio.jhub.JHubServer — State replayed to 'j-log'
2026-04-22 13:44:06.638 DEBUG com.hamradio.jhub.WeatherService — Proton fetch: HTTP 404
2026-04-22 13:44:06.638 DEBUG com.hamradio.jhub.WeatherService — Weather data refreshed
2026-04-22 13:49:06.607 DEBUG com.hamradio.jhub.WeatherService — Proton fetch: HTTP 404
2026-04-22 13:49:06.607 DEBUG com.hamradio.jhub.WeatherService — Weather data refreshed
2026-04-22 13:54:07.173 DEBUG com.hamradio.jhub.WeatherService — Proton fetch: HTTP 404
2026-04-22 13:54:07.173 DEBUG com.hamradio.jhub.WeatherService — Weather data refreshed
2026-04-22 13:59:06.600 DEBUG com.hamradio.jhub.WeatherService — Proton fetch: HTTP 404
2026-04-22 13:59:06.601 DEBUG com.hamradio.jhub.WeatherService — Weather data refreshed
2026-04-22 14:02:00.539 INFO  com.hamradio.jhub.JHubServer — App 'j-log' disconnected (code=1000, reason=)
2026-04-22 14:02:00.540 INFO  com.hamradio.jhub.MessageRouter — Routing: app 'j-log' removed
2026-04-22 14:02:00.541 INFO  com.hamradio.jhub.JHubServer — App 'logging-engine' disconnected (code=1000, reason=)
2026-04-22 14:02:00.542 INFO  com.hamradio.jhub.MessageRouter — Routing: app 'logging-engine' removed
2026-04-22 14:02:37.364 INFO  com.hamradio.jhub.JHubServer — New connection from /[0:0:0:0:0:0:0:1]:56418
2026-04-22 14:02:37.373 INFO  com.hamradio.jhub.JHubServer — App registered: webconfig v1.0.0
2026-04-22 14:02:37.383 DEBUG com.hamradio.jhub.JHubServer — State replayed to 'webconfig'
2026-04-22 14:02:37.445 DEBUG com.hamradio.jhub.WebConfigServer — J-Sat TLE API unreachable on port 4540: Connection refused
2026-04-22 14:03:02.480 WARN  c.hamradio.jhub.ui.JHubStatusWindow — No command configured for 'jMap' — open Web Config UI to set it
2026-04-22 14:03:04.651 WARN  c.hamradio.jhub.ui.JHubStatusWindow — No command configured for 'j-bridge' — open Web Config UI to set it
2026-04-22 14:03:05.964 WARN  c.hamradio.jhub.ui.JHubStatusWindow — No command configured for 'j-digi' — open Web Config UI to set it
2026-04-22 14:03:10.953 INFO  c.hamradio.jhub.ui.JHubStatusWindow — Closing DX telnet session before exit
2026-04-22 14:03:10.954 INFO  com.hamradio.jhub.ClusterManager — ClusterManager disconnected and stopped
2026-04-22 14:03:10.956 INFO  com.hamradio.jhub.JHubMain — Shutdown initiated ...
2026-04-22 14:03:10.956 INFO  com.hamradio.jhub.JHubMain — SHUTDOWN broadcast sent to all connected apps — waiting 750 ms
2026-04-22 14:03:11.708 INFO  c.h.jhub.HamlibRotorController — HamlibRotorController stopped
2026-04-22 14:03:11.708 INFO  c.hamradio.jhub.HamlibRigController — HamlibRigController stopped
2026-04-22 14:03:11.709 INFO  com.hamradio.jhub.ClusterManager — ClusterManager disconnected and stopped
2026-04-22 14:03:11.715 INFO  com.hamradio.jhub.JHubServer — App 'webconfig' disconnected (code=1001, reason=)
2026-04-22 14:03:11.715 INFO  com.hamradio.jhub.MessageRouter — Routing: app 'webconfig' removed
2026-04-22 14:03:11.716 INFO  com.hamradio.jhub.JHubServer — App 'j-map' disconnected (code=1001, reason=)
2026-04-22 14:03:11.716 INFO  com.hamradio.jhub.MessageRouter — Routing: app 'j-map' removed
2026-04-22 14:03:11.717 INFO  com.hamradio.jhub.JHubMain — J-Hub stopped.
