2026-05-12 17:27:47.969 [JavaFX-Launcher] INFO  com.hamradio.jsat.app.JSatApp - === J-Sat starting [WM3J ARS Suite] ===
2026-05-12 17:27:49.768 [JavaFX-Launcher] INFO  c.h.j.s.config.JsatSettingsLoader - Settings loaded from J-Hub
2026-05-12 17:27:49.853 [JavaFX-Launcher] INFO  c.h.j.s.registry.SatelliteRegistry - Loaded 44 satellite definitions from registry
2026-05-12 17:27:49.872 [JavaFX-Launcher] INFO  c.hamradio.jsat.app.ServiceRegistry - Starting J-Sat services...
2026-05-12 17:27:51.628 [JavaFX-Launcher] INFO  c.h.j.s.tle.CelestrakTleProvider - Loaded 122 TLEs from Celestrak/AMSAT
2026-05-12 17:27:51.629 [JavaFX-Launcher] DEBUG c.h.j.s.tle.CelestrakTleProvider - Fetched CelestrakTleProvider at 2026-05-12T21:27:51.629736476Z
2026-05-12 17:27:51.636 [JavaFX-Launcher] INFO  c.h.jsat.service.tle.TleManager - TLE update complete: 120 satellites indexed
2026-05-12 17:27:51.692 [JavaFX-Launcher] INFO  c.hamradio.jsat.app.ServiceRegistry - J-Sat scheduler started
2026-05-12 17:27:51.711 [WebSocketConnectReadThread-46] INFO  com.hamradio.jsat.hub.JHubClient - Connected to J-Hub at ws://localhost:8080
2026-05-12 17:27:51.740 [JavaFX-Launcher] INFO  com.hamradio.jsat.api.JsatApiServer - J-Sat TLE API server started on port 4540
2026-05-12 17:27:51.743 [JavaFX-Launcher] INFO  com.hamradio.jsat.app.JSatApp - Services started. Station: WM3J (39.745583, -76.959714)
2026-05-12 17:27:51.768 [WebSocketConnectReadThread-46] INFO  com.hamradio.jsat.hub.JHubClient - J-Hub welcomed J-Sat
2026-05-12 17:27:51.845 [jsat-pass-predict] DEBUG c.h.j.s.tracking.SatelliteTracker - Pass prediction complete for 8 satellites
2026-05-12 17:27:53.636 [JavaFX Application Thread] INFO  com.hamradio.jsat.app.JSatApp - J-Sat UI started
2026-05-12 17:28:02.813 [jsat-scheduler] DEBUG c.h.j.s.s.SpaceWeatherService - Proton fetch error: HTTP 404
2026-05-12 17:28:02.814 [jsat-scheduler] DEBUG c.h.j.s.s.SpaceWeatherService - Space weather updated: Kp=1.0 Bz=0.89 B6.9
2026-05-12 17:28:21.749 [jsat-pass-predict] DEBUG c.h.j.s.tracking.SatelliteTracker - Pass prediction complete for 8 satellites
2026-05-12 17:28:42.958 [JavaFX Application Thread] INFO  com.hamradio.jsat.app.JSatApp - J-Sat shutting down...
2026-05-12 17:28:43.010 [JavaFX Application Thread] INFO  c.hamradio.jsat.app.ServiceRegistry - Stopping J-Sat services...
2026-05-12 17:28:43.013 [JavaFX Application Thread] INFO  com.hamradio.jsat.app.JSatApp - Shutdown complete
2026-05-12 17:28:43.015 [WebSocketConnectReadThread-46] INFO  com.hamradio.jsat.hub.JHubClient - J-Hub connection closed (code=1000 reason=)
